
Loading program:                                                                                                                                                                                                                                           tests/directed/alu.hex


==================================================
       RV32I DPI LOCKSTEP VERIFICATION
==================================================

[DPI TB] Program: tests/directed/alu.hex
Loaded 6 instructions from tests/directed/alu.hex
[DPI] Golden model initialized: tests/directed/alu.hex
[DPI TB] Reset released

COMMIT PC=0x00000000 INSTR=0x00a00093 RD=x1 VALUE=0x0000000a
[DPI PASS] Commit 1 PC=0x00000000
COMMIT PC=0x00000004 INSTR=0x01400113 RD=x2 VALUE=0x00000014
[DPI PASS] Commit 2 PC=0x00000004
COMMIT PC=0x00000008 INSTR=0x002081b3 RD=x3 VALUE=0x0000001e
[DPI PASS] Commit 3 PC=0x00000008
COMMIT PC=0x0000000c INSTR=0x40118233 RD=x4 VALUE=0x00000014
[DPI PASS] Commit 4 PC=0x0000000c
COMMIT PC=0x00000010 INSTR=0x00000013 RD=- VALUE=-
[DPI PASS] Commit 5 PC=0x00000010
COMMIT PC=0x00000014 INSTR=0x00000013 RD=- VALUE=-
[DPI PASS] Commit 6 PC=0x00000014

==================================================
       DPI LOCKSTEP VERIFICATION PASSED
==================================================
Commits    : 6
Mismatches : 0
==================================================

==================================================
              DPI TEST PASSED
==================================================
Cycles  : 9
Commits : 6
==================================================

- tb/dpi/dpi_tb.sv:303: Verilog $finish
- S i m u l a t i o n   R e p o r t: Verilator 5.048 2026-04-26
- Verilator: $finish at 135ns; walltime 0.001 s; speed 110.294 us/s
- Verilator: cpu 0.001 s on 1 threads; allocated 3 MB
