
Loading program:                                                                                                                                                                                                                               tests/directed/full_regression.hex


==================================================
       RV32I DPI LOCKSTEP VERIFICATION
==================================================

[DPI TB] Program: tests/directed/full_regression.hex
Loaded 42 instructions from tests/directed/full_regression.hex
[DPI] Golden model initialized: tests/directed/full_regression.hex
[DPI TB] Reset released

COMMIT PC=0x00000000 INSTR=0x00a00093 RD=x1 VALUE=0x0000000a
[DPI PASS] Commit 1 PC=0x00000000
COMMIT PC=0x00000004 INSTR=0x01400113 RD=x2 VALUE=0x00000014
[DPI PASS] Commit 2 PC=0x00000004
COMMIT PC=0x00000008 INSTR=0x002081b3 RD=x3 VALUE=0x0000001e
[DPI PASS] Commit 3 PC=0x00000008
COMMIT PC=0x0000000c INSTR=0x40118233 RD=x4 VALUE=0x00000014
[DPI PASS] Commit 4 PC=0x0000000c
COMMIT PC=0x00000010 INSTR=0x00402023 RD=- VALUE=-
[DPI PASS] Commit 5 PC=0x00000010
COMMIT PC=0x00000014 INSTR=0x00002283 RD=x5 VALUE=0x00000014
[DPI PASS] Commit 6 PC=0x00000014
COMMIT PC=0x00000018 INSTR=0x00528333 RD=x6 VALUE=0x00000028
[DPI PASS] Commit 7 PC=0x00000018
COMMIT PC=0x0000001c INSTR=0x00108663 RD=- VALUE=-
[DPI PASS] Commit 8 PC=0x0000001c
COMMIT PC=0x00000028 INSTR=0x00700393 RD=x7 VALUE=0x00000007
[DPI PASS] Commit 9 PC=0x00000028
COMMIT PC=0x0000002c INSTR=0x00208663 RD=- VALUE=-
[DPI PASS] Commit 10 PC=0x0000002c
COMMIT PC=0x00000030 INSTR=0x00900493 RD=x9 VALUE=0x00000009
[DPI PASS] Commit 11 PC=0x00000030
COMMIT PC=0x00000034 INSTR=0x00a00513 RD=x10 VALUE=0x0000000a
[DPI PASS] Commit 12 PC=0x00000034
COMMIT PC=0x00000038 INSTR=0x00209463 RD=- VALUE=-
[DPI PASS] Commit 13 PC=0x00000038
COMMIT PC=0x00000040 INSTR=0x00b00593 RD=x11 VALUE=0x0000000b
[DPI PASS] Commit 14 PC=0x00000040
COMMIT PC=0x00000044 INSTR=0xfff00613 RD=x12 VALUE=0xffffffff
[DPI PASS] Commit 15 PC=0x00000044
COMMIT PC=0x00000048 INSTR=0x00100693 RD=x13 VALUE=0x00000001
[DPI PASS] Commit 16 PC=0x00000048
COMMIT PC=0x0000004c INSTR=0x00d64463 RD=- VALUE=-
[DPI PASS] Commit 17 PC=0x0000004c
COMMIT PC=0x00000054 INSTR=0x00e00713 RD=x14 VALUE=0x0000000e
[DPI PASS] Commit 18 PC=0x00000054
COMMIT PC=0x00000058 INSTR=0x00c6d463 RD=- VALUE=-
[DPI PASS] Commit 19 PC=0x00000058
COMMIT PC=0x00000060 INSTR=0x00f00793 RD=x15 VALUE=0x0000000f
[DPI PASS] Commit 20 PC=0x00000060
COMMIT PC=0x00000064 INSTR=0x00d66463 RD=- VALUE=-
[DPI PASS] Commit 21 PC=0x00000064
COMMIT PC=0x00000068 INSTR=0x01000813 RD=x16 VALUE=0x00000010
[DPI PASS] Commit 22 PC=0x00000068
COMMIT PC=0x0000006c INSTR=0x00d67463 RD=- VALUE=-
[DPI PASS] Commit 23 PC=0x0000006c
COMMIT PC=0x00000074 INSTR=0x01100893 RD=x17 VALUE=0x00000011
[DPI PASS] Commit 24 PC=0x00000074
COMMIT PC=0x00000078 INSTR=0x00c00a6f RD=x20 VALUE=0x0000007c
[DPI PASS] Commit 25 PC=0x00000078
COMMIT PC=0x00000084 INSTR=0x01200913 RD=x18 VALUE=0x00000012
[DPI PASS] Commit 26 PC=0x00000084
COMMIT PC=0x00000088 INSTR=0x00000997 RD=x19 VALUE=0x00000088
[DPI PASS] Commit 27 PC=0x00000088
COMMIT PC=0x0000008c INSTR=0x01498993 RD=x19 VALUE=0x0000009c
[DPI PASS] Commit 28 PC=0x0000008c
COMMIT PC=0x00000090 INSTR=0x00098ae7 RD=x21 VALUE=0x00000094
[DPI PASS] Commit 29 PC=0x00000090
COMMIT PC=0x0000009c INSTR=0x01600b13 RD=x22 VALUE=0x00000016
[DPI PASS] Commit 30 PC=0x0000009c
COMMIT PC=0x000000a0 INSTR=0x00000013 RD=- VALUE=-
[DPI PASS] Commit 31 PC=0x000000a0
COMMIT PC=0x000000a4 INSTR=0x00000013 RD=- VALUE=-
[DPI PASS] Commit 32 PC=0x000000a4

==================================================
       DPI LOCKSTEP VERIFICATION PASSED
==================================================
Commits    : 32
Mismatches : 0
==================================================

==================================================
              DPI TEST PASSED
==================================================
Cycles  : 50
Commits : 32
==================================================

- tb/dpi/dpi_tb.sv:303: Verilog $finish
- S i m u l a t i o n   R e p o r t: Verilator 5.048 2026-04-26
- Verilator: $finish at 545ns; walltime 0.001 s; speed 739.484 us/s
- Verilator: cpu 0.001 s on 1 threads; allocated 3 MB
