
Loading program:                                                                                                                                                                                                                                           tests/directed/jal.hex


==================================================
       RV32I DPI LOCKSTEP VERIFICATION
==================================================

[DPI TB] Program: tests/directed/jal.hex
Loaded 6 instructions from tests/directed/jal.hex
[DPI] Golden model initialized: tests/directed/jal.hex
[DPI TB] Reset released

COMMIT PC=0x00000000 INSTR=0x00c000ef RD=x1 VALUE=0x00000004
[DPI PASS] Commit 1 PC=0x00000000
COMMIT PC=0x0000000c INSTR=0x02a00213 RD=x4 VALUE=0x0000002a
[DPI PASS] Commit 2 PC=0x0000000c
COMMIT PC=0x00000010 INSTR=0x00000013 RD=- VALUE=-
[DPI PASS] Commit 3 PC=0x00000010
COMMIT PC=0x00000014 INSTR=0x00000013 RD=- VALUE=-
[DPI PASS] Commit 4 PC=0x00000014

==================================================
       DPI LOCKSTEP VERIFICATION PASSED
==================================================
Commits    : 4
Mismatches : 0
==================================================

==================================================
              DPI TEST PASSED
==================================================
Cycles  : 9
Commits : 4
==================================================

- tb/dpi/dpi_tb.sv:303: Verilog $finish
- S i m u l a t i o n   R e p o r t: Verilator 5.048 2026-04-26
- Verilator: $finish at 135ns; walltime 0.001 s; speed 225.000 us/s
- Verilator: cpu 0.001 s on 1 threads; allocated 3 MB
