==================================================
       RV32I C++ REFERENCE REGRESSION
==================================================

[BUILD] Compiling C++ reference model...
[BUILD] PASSED

==================================================
       RV32I C++ REFERENCE REGRESSION
==================================================

--------------------------------------------------
[TEST] alu
--------------------------------------------------
Loaded 6 instructions from tests/directed/alu.hex
Invalid/unsupported instruction 0x00000000 at PC 0x00000018
[FAIL] CPU execution failed

========================================
         RV32I REGISTER STATE
========================================
x 0 = 0x00000000
x 1 = 0x0000000a
x 2 = 0x00000014
x 3 = 0x0000001e
x 4 = 0x00000014
x 5 = 0x00000000
x 6 = 0x00000000
x 7 = 0x00000000
x 8 = 0x00000000
x 9 = 0x00000000
x10 = 0x00000000
x11 = 0x00000000
x12 = 0x00000000
x13 = 0x00000000
x14 = 0x00000000
x15 = 0x00000000
x16 = 0x00000000
x17 = 0x00000000
x18 = 0x00000000
x19 = 0x00000000
x20 = 0x00000000
x21 = 0x00000000
x22 = 0x00000000
x23 = 0x00000000
x24 = 0x00000000
x25 = 0x00000000
x26 = 0x00000000
x27 = 0x00000000
x28 = 0x00000000
x29 = 0x00000000
x30 = 0x00000000
x31 = 0x00000000
========================================
PC           = 0x00000018
Instructions = 6
========================================

--------------------------------------------------
[TEST] forwarding
--------------------------------------------------
Loaded 7 instructions from tests/directed/forwarding.hex
Invalid/unsupported instruction 0x00000000 at PC 0x0000001c
[FAIL] CPU execution failed

========================================
         RV32I REGISTER STATE
========================================
x 0 = 0x00000000
x 1 = 0x00000005
x 2 = 0x0000000a
x 3 = 0x0000000f
x 4 = 0x00000019
x 5 = 0x00000028
x 6 = 0x00000000
x 7 = 0x00000000
x 8 = 0x00000000
x 9 = 0x00000000
x10 = 0x00000000
x11 = 0x00000000
x12 = 0x00000000
x13 = 0x00000000
x14 = 0x00000000
x15 = 0x00000000
x16 = 0x00000000
x17 = 0x00000000
x18 = 0x00000000
x19 = 0x00000000
x20 = 0x00000000
x21 = 0x00000000
x22 = 0x00000000
x23 = 0x00000000
x24 = 0x00000000
x25 = 0x00000000
x26 = 0x00000000
x27 = 0x00000000
x28 = 0x00000000
x29 = 0x00000000
x30 = 0x00000000
x31 = 0x00000000
========================================
PC           = 0x0000001c
Instructions = 7
========================================

--------------------------------------------------
[TEST] load_store
--------------------------------------------------
Loaded 5 instructions from tests/directed/load_store.hex
Invalid/unsupported instruction 0x00000000 at PC 0x00000014
[FAIL] CPU execution failed

========================================
         RV32I REGISTER STATE
========================================
x 0 = 0x00000000
x 1 = 0x0000002a
x 2 = 0x0000002a
x 3 = 0x00000000
x 4 = 0x00000000
x 5 = 0x00000000
x 6 = 0x00000000
x 7 = 0x00000000
x 8 = 0x00000000
x 9 = 0x00000000
x10 = 0x00000000
x11 = 0x00000000
x12 = 0x00000000
x13 = 0x00000000
x14 = 0x00000000
x15 = 0x00000000
x16 = 0x00000000
x17 = 0x00000000
x18 = 0x00000000
x19 = 0x00000000
x20 = 0x00000000
x21 = 0x00000000
x22 = 0x00000000
x23 = 0x00000000
x24 = 0x00000000
x25 = 0x00000000
x26 = 0x00000000
x27 = 0x00000000
x28 = 0x00000000
x29 = 0x00000000
x30 = 0x00000000
x31 = 0x00000000
========================================
PC           = 0x00000014
Instructions = 5
========================================

--------------------------------------------------
[TEST] load_use
--------------------------------------------------
Loaded 6 instructions from tests/directed/load_use.hex
Invalid/unsupported instruction 0x00000000 at PC 0x00000018
[FAIL] CPU execution failed

========================================
         RV32I REGISTER STATE
========================================
x 0 = 0x00000000
x 1 = 0x0000002a
x 2 = 0x00000000
x 3 = 0x00000000
x 4 = 0x00000000
x 5 = 0x0000002a
x 6 = 0x00000054
x 7 = 0x00000000
x 8 = 0x00000000
x 9 = 0x00000000
x10 = 0x00000000
x11 = 0x00000000
x12 = 0x00000000
x13 = 0x00000000
x14 = 0x00000000
x15 = 0x00000000
x16 = 0x00000000
x17 = 0x00000000
x18 = 0x00000000
x19 = 0x00000000
x20 = 0x00000000
x21 = 0x00000000
x22 = 0x00000000
x23 = 0x00000000
x24 = 0x00000000
x25 = 0x00000000
x26 = 0x00000000
x27 = 0x00000000
x28 = 0x00000000
x29 = 0x00000000
x30 = 0x00000000
x31 = 0x00000000
========================================
PC           = 0x00000018
Instructions = 6
========================================

--------------------------------------------------
[TEST] beq_taken
--------------------------------------------------
Loaded 8 instructions from tests/directed/beq_taken.hex
Invalid/unsupported instruction 0x00000000 at PC 0x00000020
[FAIL] CPU execution failed

========================================
         RV32I REGISTER STATE
========================================
x 0 = 0x00000000
x 1 = 0x0000000a
x 2 = 0x0000000a
x 3 = 0x00000000
x 4 = 0x00000000
x 5 = 0x0000002a
x 6 = 0x00000000
x 7 = 0x00000000
x 8 = 0x00000000
x 9 = 0x00000000
x10 = 0x00000000
x11 = 0x00000000
x12 = 0x00000000
x13 = 0x00000000
x14 = 0x00000000
x15 = 0x00000000
x16 = 0x00000000
x17 = 0x00000000
x18 = 0x00000000
x19 = 0x00000000
x20 = 0x00000000
x21 = 0x00000000
x22 = 0x00000000
x23 = 0x00000000
x24 = 0x00000000
x25 = 0x00000000
x26 = 0x00000000
x27 = 0x00000000
x28 = 0x00000000
x29 = 0x00000000
x30 = 0x00000000
x31 = 0x00000000
========================================
PC           = 0x00000020
Instructions = 6
========================================

--------------------------------------------------
[TEST] beq_not_taken
--------------------------------------------------
Loaded 8 instructions from tests/directed/beq_not_taken.hex
Invalid/unsupported instruction 0x00000000 at PC 0x00000020
[FAIL] CPU execution failed

========================================
         RV32I REGISTER STATE
========================================
x 0 = 0x00000000
x 1 = 0x0000000a
x 2 = 0x00000014
x 3 = 0x00000021
x 4 = 0x0000002c
x 5 = 0x00000037
x 6 = 0x00000000
x 7 = 0x00000000
x 8 = 0x00000000
x 9 = 0x00000000
x10 = 0x00000000
x11 = 0x00000000
x12 = 0x00000000
x13 = 0x00000000
x14 = 0x00000000
x15 = 0x00000000
x16 = 0x00000000
x17 = 0x00000000
x18 = 0x00000000
x19 = 0x00000000
x20 = 0x00000000
x21 = 0x00000000
x22 = 0x00000000
x23 = 0x00000000
x24 = 0x00000000
x25 = 0x00000000
x26 = 0x00000000
x27 = 0x00000000
x28 = 0x00000000
x29 = 0x00000000
x30 = 0x00000000
x31 = 0x00000000
========================================
PC           = 0x00000020
Instructions = 8
========================================

--------------------------------------------------
[TEST] branches
--------------------------------------------------
Loaded 20 instructions from tests/directed/branches.hex
Invalid/unsupported instruction 0x00000000 at PC 0x00000050
[FAIL] CPU execution failed

========================================
         RV32I REGISTER STATE
========================================
x 0 = 0x00000000
x 1 = 0x0000000a
x 2 = 0x00000014
x 3 = 0x00000003
x 4 = 0xffffffff
x 5 = 0x00000001
x 6 = 0x00000006
x 7 = 0x00000007
x 8 = 0x00000008
x 9 = 0x00000009
x10 = 0x00000000
x11 = 0x00000000
x12 = 0x00000000
x13 = 0x00000000
x14 = 0x00000000
x15 = 0x00000000
x16 = 0x00000000
x17 = 0x00000000
x18 = 0x00000000
x19 = 0x00000000
x20 = 0x00000000
x21 = 0x00000000
x22 = 0x00000000
x23 = 0x00000000
x24 = 0x00000000
x25 = 0x00000000
x26 = 0x00000000
x27 = 0x00000000
x28 = 0x00000000
x29 = 0x00000000
x30 = 0x00000000
x31 = 0x00000000
========================================
PC           = 0x00000050
Instructions = 17
========================================

--------------------------------------------------
[TEST] jal
--------------------------------------------------
Loaded 6 instructions from tests/directed/jal.hex
Invalid/unsupported instruction 0x00000000 at PC 0x00000018
[FAIL] CPU execution failed

========================================
         RV32I REGISTER STATE
========================================
x 0 = 0x00000000
x 1 = 0x00000004
x 2 = 0x00000000
x 3 = 0x00000000
x 4 = 0x0000002a
x 5 = 0x00000000
x 6 = 0x00000000
x 7 = 0x00000000
x 8 = 0x00000000
x 9 = 0x00000000
x10 = 0x00000000
x11 = 0x00000000
x12 = 0x00000000
x13 = 0x00000000
x14 = 0x00000000
x15 = 0x00000000
x16 = 0x00000000
x17 = 0x00000000
x18 = 0x00000000
x19 = 0x00000000
x20 = 0x00000000
x21 = 0x00000000
x22 = 0x00000000
x23 = 0x00000000
x24 = 0x00000000
x25 = 0x00000000
x26 = 0x00000000
x27 = 0x00000000
x28 = 0x00000000
x29 = 0x00000000
x30 = 0x00000000
x31 = 0x00000000
========================================
PC           = 0x00000018
Instructions = 4
========================================

--------------------------------------------------
[TEST] jalr
--------------------------------------------------
Loaded 8 instructions from tests/directed/jalr.hex
Invalid/unsupported instruction 0x00000000 at PC 0x00000020
[FAIL] CPU execution failed

========================================
         RV32I REGISTER STATE
========================================
x 0 = 0x00000000
x 1 = 0x00000014
x 2 = 0x00000000
x 3 = 0x00000000
x 4 = 0x0000002a
x 5 = 0x0000000c
x 6 = 0x00000000
x 7 = 0x00000000
x 8 = 0x00000000
x 9 = 0x00000000
x10 = 0x00000000
x11 = 0x00000000
x12 = 0x00000000
x13 = 0x00000000
x14 = 0x00000000
x15 = 0x00000000
x16 = 0x00000000
x17 = 0x00000000
x18 = 0x00000000
x19 = 0x00000000
x20 = 0x00000000
x21 = 0x00000000
x22 = 0x00000000
x23 = 0x00000000
x24 = 0x00000000
x25 = 0x00000000
x26 = 0x00000000
x27 = 0x00000000
x28 = 0x00000000
x29 = 0x00000000
x30 = 0x00000000
x31 = 0x00000000
========================================
PC           = 0x00000020
Instructions = 6
========================================

--------------------------------------------------
[TEST] full_regression
--------------------------------------------------
Loaded 42 instructions from tests/directed/full_regression.hex
Invalid/unsupported instruction 0x00000000 at PC 0x000000a8
[FAIL] CPU execution failed

========================================
         RV32I REGISTER STATE
========================================
x 0 = 0x00000000
x 1 = 0x0000000a
x 2 = 0x00000014
x 3 = 0x0000001e
x 4 = 0x00000014
x 5 = 0x00000014
x 6 = 0x00000028
x 7 = 0x00000007
x 8 = 0x00000000
x 9 = 0x00000009
x10 = 0x0000000a
x11 = 0x0000000b
x12 = 0xffffffff
x13 = 0x00000001
x14 = 0x0000000e
x15 = 0x0000000f
x16 = 0x00000010
x17 = 0x00000011
x18 = 0x00000012
x19 = 0x0000009c
x20 = 0x0000007c
x21 = 0x00000094
x22 = 0x00000016
x23 = 0x00000000
x24 = 0x00000000
x25 = 0x00000000
x26 = 0x00000000
x27 = 0x00000000
x28 = 0x00000000
x29 = 0x00000000
x30 = 0x00000000
x31 = 0x00000000
========================================
PC           = 0x000000a8
Instructions = 32
========================================

==================================================
              REGRESSION SUMMARY
==================================================

Total tests : 10
Passed      : 0
Failed      : 10

==================================================
              REGRESSION FAILED
==================================================
