
Loading program:                                                                                                                                                                                                                                 tests/directed/beq_not_taken.hex

WARNING: rtl/memory/instruction_memory.sv:75: $readmemh(tests/directed/beq_not_taken.hex): Not enough words in the file for the requested range [0:1023].
VCD info: dumpfile waves/top.vcd opened for output.

==================================================
       RV32I 5-STAGE PIPELINE TEST
==================================================
TEST_ID = 6


----------------------------------------
ARCHITECTURAL x0 CHECK
----------------------------------------
[PASS] x0 = 0 (0x00000000)

----------------------------------------
BEQ NOT-TAKEN TEST
----------------------------------------
[PASS] x1 = 10 (0x0000000a)
[PASS] x2 = 20 (0x00000014)
[PASS] x3 = 33 (0x00000021)
[PASS] x4 = 44 (0x0000002c)
[PASS] x5 = 55 (0x00000037)
[PASS] No redirect occurred

----------------------------------------
PIPELINE STATISTICS
----------------------------------------
Cycles            : 101
Load-use stalls   : 0
Control redirects : 0

==================================================
ALL TESTS PASSED
TEST_ID: 6
==================================================

tb/basic/top_tb.sv:797: $finish called at 1026000 (1ps)
