
Loading program:                                                                                                                                                                                                                                          tests/directed/jalr.hex

WARNING: rtl/memory/instruction_memory.sv:75: $readmemh(tests/directed/jalr.hex): Not enough words in the file for the requested range [0:1023].
VCD info: dumpfile waves/top.vcd opened for output.

==================================================
       RV32I 5-STAGE PIPELINE TEST
==================================================
TEST_ID = 9

[ASSERT INFO] Register write requested for x0; write must be ignored
COMMIT PC=00000000 INSTR=00000097 RD=1 VALUE=00000000
COMMIT PC=00000004 INSTR=01408093 RD=1 VALUE=00000014
COMMIT PC=00000008 INSTR=000082e7 RD=5 VALUE=0000000c
[ASSERT INFO] Register write requested for x0; write must be ignored
COMMIT PC=00000014 INSTR=02a00213 RD=4 VALUE=0000002a
[ASSERT INFO] Register write requested for x0; write must be ignored
COMMIT PC=00000018 INSTR=00000013 RD=- VALUE=-
COMMIT PC=0000001c INSTR=00000013 RD=- VALUE=-
[ASSERT INFO] Register write requested for x0; write must be ignored
[ASSERT INFO] Register write requested for x0; write must be ignored
COMMIT PC=00000020 INSTR=00000013 RD=- VALUE=-
COMMIT PC=00000024 INSTR=00000013 RD=- VALUE=-
[ASSERT INFO] Register write requested for x0; write must be ignored
[ASSERT INFO] Register write requested for x0; write must be ignored
COMMIT PC=00000028 INSTR=00000013 RD=- VALUE=-
COMMIT PC=0000002c INSTR=00000013 RD=- VALUE=-
[ASSERT INFO] Register write requested for x0; write must be ignored
[ASSERT INFO] Register write requested for x0; write must be ignored
COMMIT PC=00000030 INSTR=00000013 RD=- VALUE=-
COMMIT PC=00000034 INSTR=00000013 RD=- VALUE=-
[ASSERT INFO] Register write requested for x0; write must be ignored
[ASSERT INFO] Register write requested for x0; write must be ignored
COMMIT PC=00000038 INSTR=00000013 RD=- VALUE=-
COMMIT PC=0000003c INSTR=00000013 RD=- VALUE=-
[ASSERT INFO] Register write requested for x0; write must be ignored
[ASSERT INFO] Register write requested for x0; write must be ignored
COMMIT PC=00000040 INSTR=00000013 RD=- VALUE=-
COMMIT PC=00000044 INSTR=00000013 RD=- VALUE=-
[ASSERT INFO] Register write requested for x0; write must be ignored
[ASSERT INFO] Register write requested for x0; write must be ignored
COMMIT PC=00000048 INSTR=00000013 RD=- VALUE=-
COMMIT PC=0000004c INSTR=00000013 RD=- VALUE=-
[ASSERT INFO] Register write requested for x0; write must be ignored
[ASSERT INFO] Register write requested for x0; write must be ignored
COMMIT PC=00000050 INSTR=00000013 RD=- VALUE=-
COMMIT PC=00000054 INSTR=00000013 RD=- VALUE=-
[ASSERT INFO] Register write requested for x0; write must be ignored
[ASSERT INFO] Register write requested for x0; write must be ignored
COMMIT PC=00000058 INSTR=00000013 RD=- VALUE=-
COMMIT PC=0000005c INSTR=00000013 RD=- VALUE=-
[ASSERT INFO] Register write requested for x0; write must be ignored
[ASSERT INFO] Register write requested for x0; write must be ignored
COMMIT PC=00000060 INSTR=00000013 RD=- VALUE=-
COMMIT PC=00000064 INSTR=00000013 RD=- VALUE=-
[ASSERT INFO] Register write requested for x0; write must be ignored
[ASSERT INFO] Register write requested for x0; write must be ignored
COMMIT PC=00000068 INSTR=00000013 RD=- VALUE=-
COMMIT PC=0000006c INSTR=00000013 RD=- VALUE=-
[ASSERT INFO] Register write requested for x0; write must be ignored
[ASSERT INFO] Register write requested for x0; write must be ignored
COMMIT PC=00000070 INSTR=00000013 RD=- VALUE=-
COMMIT PC=00000074 INSTR=00000013 RD=- VALUE=-
[ASSERT INFO] Register write requested for x0; write must be ignored
[ASSERT INFO] Register write requested for x0; write must be ignored
COMMIT PC=00000078 INSTR=00000013 RD=- VALUE=-
COMMIT PC=0000007c INSTR=00000013 RD=- VALUE=-
[ASSERT INFO] Register write requested for x0; write must be ignored
[ASSERT INFO] Register write requested for x0; write must be ignored
COMMIT PC=00000080 INSTR=00000013 RD=- VALUE=-
COMMIT PC=00000084 INSTR=00000013 RD=- VALUE=-
[ASSERT INFO] Register write requested for x0; write must be ignored
[ASSERT INFO] Register write requested for x0; write must be ignored
COMMIT PC=00000088 INSTR=00000013 RD=- VALUE=-
COMMIT PC=0000008c INSTR=00000013 RD=- VALUE=-
[ASSERT INFO] Register write requested for x0; write must be ignored
[ASSERT INFO] Register write requested for x0; write must be ignored
COMMIT PC=00000090 INSTR=00000013 RD=- VALUE=-
COMMIT PC=00000094 INSTR=00000013 RD=- VALUE=-
[ASSERT INFO] Register write requested for x0; write must be ignored
[ASSERT INFO] Register write requested for x0; write must be ignored
COMMIT PC=00000098 INSTR=00000013 RD=- VALUE=-
COMMIT PC=0000009c INSTR=00000013 RD=- VALUE=-
[ASSERT INFO] Register write requested for x0; write must be ignored
[ASSERT INFO] Register write requested for x0; write must be ignored
COMMIT PC=000000a0 INSTR=00000013 RD=- VALUE=-
COMMIT PC=000000a4 INSTR=00000013 RD=- VALUE=-
[ASSERT INFO] Register write requested for x0; write must be ignored
[ASSERT INFO] Register write requested for x0; write must be ignored
COMMIT PC=000000a8 INSTR=00000013 RD=- VALUE=-
COMMIT PC=000000ac INSTR=00000013 RD=- VALUE=-
[ASSERT INFO] Register write requested for x0; write must be ignored
[ASSERT INFO] Register write requested for x0; write must be ignored
COMMIT PC=000000b0 INSTR=00000013 RD=- VALUE=-
COMMIT PC=000000b4 INSTR=00000013 RD=- VALUE=-
[ASSERT INFO] Register write requested for x0; write must be ignored
[ASSERT INFO] Register write requested for x0; write must be ignored
COMMIT PC=000000b8 INSTR=00000013 RD=- VALUE=-
COMMIT PC=000000bc INSTR=00000013 RD=- VALUE=-
[ASSERT INFO] Register write requested for x0; write must be ignored
[ASSERT INFO] Register write requested for x0; write must be ignored
COMMIT PC=000000c0 INSTR=00000013 RD=- VALUE=-
COMMIT PC=000000c4 INSTR=00000013 RD=- VALUE=-
[ASSERT INFO] Register write requested for x0; write must be ignored
[ASSERT INFO] Register write requested for x0; write must be ignored
COMMIT PC=000000c8 INSTR=00000013 RD=- VALUE=-
COMMIT PC=000000cc INSTR=00000013 RD=- VALUE=-
[ASSERT INFO] Register write requested for x0; write must be ignored
[ASSERT INFO] Register write requested for x0; write must be ignored
COMMIT PC=000000d0 INSTR=00000013 RD=- VALUE=-
COMMIT PC=000000d4 INSTR=00000013 RD=- VALUE=-
[ASSERT INFO] Register write requested for x0; write must be ignored
[ASSERT INFO] Register write requested for x0; write must be ignored
COMMIT PC=000000d8 INSTR=00000013 RD=- VALUE=-
COMMIT PC=000000dc INSTR=00000013 RD=- VALUE=-
[ASSERT INFO] Register write requested for x0; write must be ignored
[ASSERT INFO] Register write requested for x0; write must be ignored
COMMIT PC=000000e0 INSTR=00000013 RD=- VALUE=-
COMMIT PC=000000e4 INSTR=00000013 RD=- VALUE=-
[ASSERT INFO] Register write requested for x0; write must be ignored
[ASSERT INFO] Register write requested for x0; write must be ignored
COMMIT PC=000000e8 INSTR=00000013 RD=- VALUE=-
COMMIT PC=000000ec INSTR=00000013 RD=- VALUE=-
[ASSERT INFO] Register write requested for x0; write must be ignored
[ASSERT INFO] Register write requested for x0; write must be ignored
COMMIT PC=000000f0 INSTR=00000013 RD=- VALUE=-
COMMIT PC=000000f4 INSTR=00000013 RD=- VALUE=-
[ASSERT INFO] Register write requested for x0; write must be ignored
[ASSERT INFO] Register write requested for x0; write must be ignored
COMMIT PC=000000f8 INSTR=00000013 RD=- VALUE=-
COMMIT PC=000000fc INSTR=00000013 RD=- VALUE=-
[ASSERT INFO] Register write requested for x0; write must be ignored
[ASSERT INFO] Register write requested for x0; write must be ignored
COMMIT PC=00000100 INSTR=00000013 RD=- VALUE=-
COMMIT PC=00000104 INSTR=00000013 RD=- VALUE=-
[ASSERT INFO] Register write requested for x0; write must be ignored
[ASSERT INFO] Register write requested for x0; write must be ignored
COMMIT PC=00000108 INSTR=00000013 RD=- VALUE=-
COMMIT PC=0000010c INSTR=00000013 RD=- VALUE=-
[ASSERT INFO] Register write requested for x0; write must be ignored
[ASSERT INFO] Register write requested for x0; write must be ignored
COMMIT PC=00000110 INSTR=00000013 RD=- VALUE=-
COMMIT PC=00000114 INSTR=00000013 RD=- VALUE=-
[ASSERT INFO] Register write requested for x0; write must be ignored
[ASSERT INFO] Register write requested for x0; write must be ignored
COMMIT PC=00000118 INSTR=00000013 RD=- VALUE=-
COMMIT PC=0000011c INSTR=00000013 RD=- VALUE=-
[ASSERT INFO] Register write requested for x0; write must be ignored
[ASSERT INFO] Register write requested for x0; write must be ignored
COMMIT PC=00000120 INSTR=00000013 RD=- VALUE=-
COMMIT PC=00000124 INSTR=00000013 RD=- VALUE=-
[ASSERT INFO] Register write requested for x0; write must be ignored
[ASSERT INFO] Register write requested for x0; write must be ignored
COMMIT PC=00000128 INSTR=00000013 RD=- VALUE=-
COMMIT PC=0000012c INSTR=00000013 RD=- VALUE=-
[ASSERT INFO] Register write requested for x0; write must be ignored
[ASSERT INFO] Register write requested for x0; write must be ignored
COMMIT PC=00000130 INSTR=00000013 RD=- VALUE=-
COMMIT PC=00000134 INSTR=00000013 RD=- VALUE=-
[ASSERT INFO] Register write requested for x0; write must be ignored
[ASSERT INFO] Register write requested for x0; write must be ignored
COMMIT PC=00000138 INSTR=00000013 RD=- VALUE=-
COMMIT PC=0000013c INSTR=00000013 RD=- VALUE=-
[ASSERT INFO] Register write requested for x0; write must be ignored
[ASSERT INFO] Register write requested for x0; write must be ignored
COMMIT PC=00000140 INSTR=00000013 RD=- VALUE=-
COMMIT PC=00000144 INSTR=00000013 RD=- VALUE=-
[ASSERT INFO] Register write requested for x0; write must be ignored
[ASSERT INFO] Register write requested for x0; write must be ignored
COMMIT PC=00000148 INSTR=00000013 RD=- VALUE=-
COMMIT PC=0000014c INSTR=00000013 RD=- VALUE=-
[ASSERT INFO] Register write requested for x0; write must be ignored
[ASSERT INFO] Register write requested for x0; write must be ignored
COMMIT PC=00000150 INSTR=00000013 RD=- VALUE=-
COMMIT PC=00000154 INSTR=00000013 RD=- VALUE=-
[ASSERT INFO] Register write requested for x0; write must be ignored
[ASSERT INFO] Register write requested for x0; write must be ignored
COMMIT PC=00000158 INSTR=00000013 RD=- VALUE=-
COMMIT PC=0000015c INSTR=00000013 RD=- VALUE=-
[ASSERT INFO] Register write requested for x0; write must be ignored
[ASSERT INFO] Register write requested for x0; write must be ignored
COMMIT PC=00000160 INSTR=00000013 RD=- VALUE=-
COMMIT PC=00000164 INSTR=00000013 RD=- VALUE=-
[ASSERT INFO] Register write requested for x0; write must be ignored
[ASSERT INFO] Register write requested for x0; write must be ignored
COMMIT PC=00000168 INSTR=00000013 RD=- VALUE=-
COMMIT PC=0000016c INSTR=00000013 RD=- VALUE=-
[ASSERT INFO] Register write requested for x0; write must be ignored
[ASSERT INFO] Register write requested for x0; write must be ignored
COMMIT PC=00000170 INSTR=00000013 RD=- VALUE=-
COMMIT PC=00000174 INSTR=00000013 RD=- VALUE=-
[ASSERT INFO] Register write requested for x0; write must be ignored
[ASSERT INFO] Register write requested for x0; write must be ignored
COMMIT PC=00000178 INSTR=00000013 RD=- VALUE=-
COMMIT PC=0000017c INSTR=00000013 RD=- VALUE=-
[ASSERT INFO] Register write requested for x0; write must be ignored

----------------------------------------
ARCHITECTURAL x0 CHECK
----------------------------------------
[PASS] x0 = 0 (0x00000000)

----------------------------------------
JALR TEST
----------------------------------------
[PASS] x1 = 20 (0x00000014)
[PASS] x2 = 0 (0x00000000)
[PASS] x3 = 0 (0x00000000)
[PASS] x4 = 42 (0x0000002a)
[PASS] x5 = 12 (0x0000000c)
[PASS] JALR redirect detected

----------------------------------------
PIPELINE STATISTICS
----------------------------------------
Cycles            : 101
Load-use stalls   : 0
Control redirects : 1

==================================================
ALL TESTS PASSED
TEST_ID: 9
==================================================

tb/basic/top_tb.sv:844: $finish called at 1026000 (1ps)

==================================================
            ASSERTION SUMMARY
==================================================
Assertion failures : 0
ASSERTIONS PASSED
==================================================

