
Loading program:                                                                                                                                                                                                                                    tests/directed/load_store.hex

WARNING: rtl/memory/instruction_memory.sv:75: $readmemh(tests/directed/load_store.hex): Not enough words in the file for the requested range [0:1023].
VCD info: dumpfile waves/top.vcd opened for output.

==================================================
       RV32I 5-STAGE PIPELINE TEST
==================================================
TEST_ID = 3

[ASSERT INFO] Register write requested for x0; write must be ignored
[ASSERT INFO] Register write requested for x0; write must be ignored
[ASSERT INFO] Register write requested for x0; write must be ignored
[ASSERT INFO] Register write requested for x0; write must be ignored
[ASSERT INFO] Register write requested for x0; write must be ignored
[ASSERT INFO] Register write requested for x0; write must be ignored
[ASSERT INFO] Register write requested for x0; write must be ignored
[ASSERT INFO] Register write requested for x0; write must be ignored
[ASSERT INFO] Register write requested for x0; write must be ignored
[ASSERT INFO] Register write requested for x0; write must be ignored
[ASSERT INFO] Register write requested for x0; write must be ignored
[ASSERT INFO] Register write requested for x0; write must be ignored
[ASSERT INFO] Register write requested for x0; write must be ignored
[ASSERT INFO] Register write requested for x0; write must be ignored
[ASSERT INFO] Register write requested for x0; write must be ignored
[ASSERT INFO] Register write requested for x0; write must be ignored
[ASSERT INFO] Register write requested for x0; write must be ignored
[ASSERT INFO] Register write requested for x0; write must be ignored
[ASSERT INFO] Register write requested for x0; write must be ignored
[ASSERT INFO] Register write requested for x0; write must be ignored
[ASSERT INFO] Register write requested for x0; write must be ignored
[ASSERT INFO] Register write requested for x0; write must be ignored
[ASSERT INFO] Register write requested for x0; write must be ignored
[ASSERT INFO] Register write requested for x0; write must be ignored
[ASSERT INFO] Register write requested for x0; write must be ignored
[ASSERT INFO] Register write requested for x0; write must be ignored
[ASSERT INFO] Register write requested for x0; write must be ignored
[ASSERT INFO] Register write requested for x0; write must be ignored
[ASSERT INFO] Register write requested for x0; write must be ignored
[ASSERT INFO] Register write requested for x0; write must be ignored
[ASSERT INFO] Register write requested for x0; write must be ignored
[ASSERT INFO] Register write requested for x0; write must be ignored
[ASSERT INFO] Register write requested for x0; write must be ignored
[ASSERT INFO] Register write requested for x0; write must be ignored
[ASSERT INFO] Register write requested for x0; write must be ignored
[ASSERT INFO] Register write requested for x0; write must be ignored
[ASSERT INFO] Register write requested for x0; write must be ignored
[ASSERT INFO] Register write requested for x0; write must be ignored
[ASSERT INFO] Register write requested for x0; write must be ignored
[ASSERT INFO] Register write requested for x0; write must be ignored
[ASSERT INFO] Register write requested for x0; write must be ignored
[ASSERT INFO] Register write requested for x0; write must be ignored
[ASSERT INFO] Register write requested for x0; write must be ignored
[ASSERT INFO] Register write requested for x0; write must be ignored
[ASSERT INFO] Register write requested for x0; write must be ignored
[ASSERT INFO] Register write requested for x0; write must be ignored
[ASSERT INFO] Register write requested for x0; write must be ignored
[ASSERT INFO] Register write requested for x0; write must be ignored
[ASSERT INFO] Register write requested for x0; write must be ignored
[ASSERT INFO] Register write requested for x0; write must be ignored
[ASSERT INFO] Register write requested for x0; write must be ignored
[ASSERT INFO] Register write requested for x0; write must be ignored
[ASSERT INFO] Register write requested for x0; write must be ignored
[ASSERT INFO] Register write requested for x0; write must be ignored
[ASSERT INFO] Register write requested for x0; write must be ignored
[ASSERT INFO] Register write requested for x0; write must be ignored
[ASSERT INFO] Register write requested for x0; write must be ignored
[ASSERT INFO] Register write requested for x0; write must be ignored
[ASSERT INFO] Register write requested for x0; write must be ignored
[ASSERT INFO] Register write requested for x0; write must be ignored
[ASSERT INFO] Register write requested for x0; write must be ignored
[ASSERT INFO] Register write requested for x0; write must be ignored
[ASSERT INFO] Register write requested for x0; write must be ignored
[ASSERT INFO] Register write requested for x0; write must be ignored
[ASSERT INFO] Register write requested for x0; write must be ignored
[ASSERT INFO] Register write requested for x0; write must be ignored
[ASSERT INFO] Register write requested for x0; write must be ignored
[ASSERT INFO] Register write requested for x0; write must be ignored
[ASSERT INFO] Register write requested for x0; write must be ignored
[ASSERT INFO] Register write requested for x0; write must be ignored
[ASSERT INFO] Register write requested for x0; write must be ignored
[ASSERT INFO] Register write requested for x0; write must be ignored
[ASSERT INFO] Register write requested for x0; write must be ignored
[ASSERT INFO] Register write requested for x0; write must be ignored
[ASSERT INFO] Register write requested for x0; write must be ignored
[ASSERT INFO] Register write requested for x0; write must be ignored
[ASSERT INFO] Register write requested for x0; write must be ignored
[ASSERT INFO] Register write requested for x0; write must be ignored
[ASSERT INFO] Register write requested for x0; write must be ignored
[ASSERT INFO] Register write requested for x0; write must be ignored
[ASSERT INFO] Register write requested for x0; write must be ignored
[ASSERT INFO] Register write requested for x0; write must be ignored
[ASSERT INFO] Register write requested for x0; write must be ignored
[ASSERT INFO] Register write requested for x0; write must be ignored
[ASSERT INFO] Register write requested for x0; write must be ignored
[ASSERT INFO] Register write requested for x0; write must be ignored
[ASSERT INFO] Register write requested for x0; write must be ignored
[ASSERT INFO] Register write requested for x0; write must be ignored
[ASSERT INFO] Register write requested for x0; write must be ignored
[ASSERT INFO] Register write requested for x0; write must be ignored
[ASSERT INFO] Register write requested for x0; write must be ignored
[ASSERT INFO] Register write requested for x0; write must be ignored
[ASSERT INFO] Register write requested for x0; write must be ignored
[ASSERT INFO] Register write requested for x0; write must be ignored

----------------------------------------
ARCHITECTURAL x0 CHECK
----------------------------------------
[PASS] x0 = 0 (0x00000000)

----------------------------------------
LOAD / STORE TEST
----------------------------------------
[PASS] x1 = 42 (0x0000002a)
[PASS] x2 = 42 (0x0000002a)

----------------------------------------
PIPELINE STATISTICS
----------------------------------------
Cycles            : 101
Load-use stalls   : 0
Control redirects : 0

==================================================
ALL TESTS PASSED
TEST_ID: 3
==================================================

tb/basic/top_tb.sv:829: $finish called at 1026000 (1ps)

==================================================
            ASSERTION SUMMARY
==================================================
Assertion failures : 0
ASSERTIONS PASSED
==================================================

