
Loading program:                                                                                                                                                                                                                                 tests/directed/beq_not_taken.hex

WARNING: rtl/memory/instruction_memory.sv:75: $readmemh(tests/directed/beq_not_taken.hex): Not enough words in the file for the requested range [0:1023].
VCD info: dumpfile waves/top.vcd opened for output.

==================================================
       RV32I 5-STAGE PIPELINE TEST
==================================================
TEST_ID = 6

[ASSERT INFO] Register write requested for x0; write must be ignored
COMMIT PC=0x00000000 INSTR=0x00a00093 RD=x1 VALUE=0x0000000a
COMMIT PC=0x00000004 INSTR=0x01400113 RD=x2 VALUE=0x00000014
COMMIT PC=0x00000008 INSTR=0x00208663 RD=- VALUE=-
COMMIT PC=0x0000000c INSTR=0x02100193 RD=x3 VALUE=0x00000021
COMMIT PC=0x00000010 INSTR=0x02c00213 RD=x4 VALUE=0x0000002c
COMMIT PC=0x00000014 INSTR=0x03700293 RD=x5 VALUE=0x00000037
COMMIT PC=0x00000018 INSTR=0x00000013 RD=- VALUE=-
[ASSERT INFO] Register write requested for x0; write must be ignored
[ASSERT INFO] Register write requested for x0; write must be ignored
COMMIT PC=0x0000001c INSTR=0x00000013 RD=- VALUE=-
COMMIT PC=0x00000020 INSTR=0x00000013 RD=- VALUE=-
[ASSERT INFO] Register write requested for x0; write must be ignored
[ASSERT INFO] Register write requested for x0; write must be ignored
COMMIT PC=0x00000024 INSTR=0x00000013 RD=- VALUE=-
COMMIT PC=0x00000028 INSTR=0x00000013 RD=- VALUE=-
[ASSERT INFO] Register write requested for x0; write must be ignored
[ASSERT INFO] Register write requested for x0; write must be ignored
COMMIT PC=0x0000002c INSTR=0x00000013 RD=- VALUE=-
COMMIT PC=0x00000030 INSTR=0x00000013 RD=- VALUE=-
[ASSERT INFO] Register write requested for x0; write must be ignored
[ASSERT INFO] Register write requested for x0; write must be ignored
COMMIT PC=0x00000034 INSTR=0x00000013 RD=- VALUE=-
COMMIT PC=0x00000038 INSTR=0x00000013 RD=- VALUE=-
[ASSERT INFO] Register write requested for x0; write must be ignored
[ASSERT INFO] Register write requested for x0; write must be ignored
COMMIT PC=0x0000003c INSTR=0x00000013 RD=- VALUE=-
COMMIT PC=0x00000040 INSTR=0x00000013 RD=- VALUE=-
[ASSERT INFO] Register write requested for x0; write must be ignored
[ASSERT INFO] Register write requested for x0; write must be ignored
COMMIT PC=0x00000044 INSTR=0x00000013 RD=- VALUE=-
COMMIT PC=0x00000048 INSTR=0x00000013 RD=- VALUE=-
[ASSERT INFO] Register write requested for x0; write must be ignored
[ASSERT INFO] Register write requested for x0; write must be ignored
COMMIT PC=0x0000004c INSTR=0x00000013 RD=- VALUE=-
COMMIT PC=0x00000050 INSTR=0x00000013 RD=- VALUE=-
[ASSERT INFO] Register write requested for x0; write must be ignored
[ASSERT INFO] Register write requested for x0; write must be ignored
COMMIT PC=0x00000054 INSTR=0x00000013 RD=- VALUE=-
COMMIT PC=0x00000058 INSTR=0x00000013 RD=- VALUE=-
[ASSERT INFO] Register write requested for x0; write must be ignored
[ASSERT INFO] Register write requested for x0; write must be ignored
COMMIT PC=0x0000005c INSTR=0x00000013 RD=- VALUE=-
COMMIT PC=0x00000060 INSTR=0x00000013 RD=- VALUE=-
[ASSERT INFO] Register write requested for x0; write must be ignored
[ASSERT INFO] Register write requested for x0; write must be ignored
COMMIT PC=0x00000064 INSTR=0x00000013 RD=- VALUE=-
COMMIT PC=0x00000068 INSTR=0x00000013 RD=- VALUE=-
[ASSERT INFO] Register write requested for x0; write must be ignored
[ASSERT INFO] Register write requested for x0; write must be ignored
COMMIT PC=0x0000006c INSTR=0x00000013 RD=- VALUE=-
COMMIT PC=0x00000070 INSTR=0x00000013 RD=- VALUE=-
[ASSERT INFO] Register write requested for x0; write must be ignored
[ASSERT INFO] Register write requested for x0; write must be ignored
COMMIT PC=0x00000074 INSTR=0x00000013 RD=- VALUE=-
COMMIT PC=0x00000078 INSTR=0x00000013 RD=- VALUE=-
[ASSERT INFO] Register write requested for x0; write must be ignored
[ASSERT INFO] Register write requested for x0; write must be ignored
COMMIT PC=0x0000007c INSTR=0x00000013 RD=- VALUE=-
COMMIT PC=0x00000080 INSTR=0x00000013 RD=- VALUE=-
[ASSERT INFO] Register write requested for x0; write must be ignored
[ASSERT INFO] Register write requested for x0; write must be ignored
COMMIT PC=0x00000084 INSTR=0x00000013 RD=- VALUE=-
COMMIT PC=0x00000088 INSTR=0x00000013 RD=- VALUE=-
[ASSERT INFO] Register write requested for x0; write must be ignored
[ASSERT INFO] Register write requested for x0; write must be ignored
COMMIT PC=0x0000008c INSTR=0x00000013 RD=- VALUE=-
COMMIT PC=0x00000090 INSTR=0x00000013 RD=- VALUE=-
[ASSERT INFO] Register write requested for x0; write must be ignored
[ASSERT INFO] Register write requested for x0; write must be ignored
COMMIT PC=0x00000094 INSTR=0x00000013 RD=- VALUE=-
COMMIT PC=0x00000098 INSTR=0x00000013 RD=- VALUE=-
[ASSERT INFO] Register write requested for x0; write must be ignored
[ASSERT INFO] Register write requested for x0; write must be ignored
COMMIT PC=0x0000009c INSTR=0x00000013 RD=- VALUE=-
COMMIT PC=0x000000a0 INSTR=0x00000013 RD=- VALUE=-
[ASSERT INFO] Register write requested for x0; write must be ignored
[ASSERT INFO] Register write requested for x0; write must be ignored
COMMIT PC=0x000000a4 INSTR=0x00000013 RD=- VALUE=-
COMMIT PC=0x000000a8 INSTR=0x00000013 RD=- VALUE=-
[ASSERT INFO] Register write requested for x0; write must be ignored
[ASSERT INFO] Register write requested for x0; write must be ignored
COMMIT PC=0x000000ac INSTR=0x00000013 RD=- VALUE=-
COMMIT PC=0x000000b0 INSTR=0x00000013 RD=- VALUE=-
[ASSERT INFO] Register write requested for x0; write must be ignored
[ASSERT INFO] Register write requested for x0; write must be ignored
COMMIT PC=0x000000b4 INSTR=0x00000013 RD=- VALUE=-
COMMIT PC=0x000000b8 INSTR=0x00000013 RD=- VALUE=-
[ASSERT INFO] Register write requested for x0; write must be ignored
[ASSERT INFO] Register write requested for x0; write must be ignored
COMMIT PC=0x000000bc INSTR=0x00000013 RD=- VALUE=-
COMMIT PC=0x000000c0 INSTR=0x00000013 RD=- VALUE=-
[ASSERT INFO] Register write requested for x0; write must be ignored
[ASSERT INFO] Register write requested for x0; write must be ignored
COMMIT PC=0x000000c4 INSTR=0x00000013 RD=- VALUE=-
COMMIT PC=0x000000c8 INSTR=0x00000013 RD=- VALUE=-
[ASSERT INFO] Register write requested for x0; write must be ignored
[ASSERT INFO] Register write requested for x0; write must be ignored
COMMIT PC=0x000000cc INSTR=0x00000013 RD=- VALUE=-
COMMIT PC=0x000000d0 INSTR=0x00000013 RD=- VALUE=-
[ASSERT INFO] Register write requested for x0; write must be ignored
[ASSERT INFO] Register write requested for x0; write must be ignored
COMMIT PC=0x000000d4 INSTR=0x00000013 RD=- VALUE=-
COMMIT PC=0x000000d8 INSTR=0x00000013 RD=- VALUE=-
[ASSERT INFO] Register write requested for x0; write must be ignored
[ASSERT INFO] Register write requested for x0; write must be ignored
COMMIT PC=0x000000dc INSTR=0x00000013 RD=- VALUE=-
COMMIT PC=0x000000e0 INSTR=0x00000013 RD=- VALUE=-
[ASSERT INFO] Register write requested for x0; write must be ignored
[ASSERT INFO] Register write requested for x0; write must be ignored
COMMIT PC=0x000000e4 INSTR=0x00000013 RD=- VALUE=-
COMMIT PC=0x000000e8 INSTR=0x00000013 RD=- VALUE=-
[ASSERT INFO] Register write requested for x0; write must be ignored
[ASSERT INFO] Register write requested for x0; write must be ignored
COMMIT PC=0x000000ec INSTR=0x00000013 RD=- VALUE=-
COMMIT PC=0x000000f0 INSTR=0x00000013 RD=- VALUE=-
[ASSERT INFO] Register write requested for x0; write must be ignored
[ASSERT INFO] Register write requested for x0; write must be ignored
COMMIT PC=0x000000f4 INSTR=0x00000013 RD=- VALUE=-
COMMIT PC=0x000000f8 INSTR=0x00000013 RD=- VALUE=-
[ASSERT INFO] Register write requested for x0; write must be ignored
[ASSERT INFO] Register write requested for x0; write must be ignored
COMMIT PC=0x000000fc INSTR=0x00000013 RD=- VALUE=-
COMMIT PC=0x00000100 INSTR=0x00000013 RD=- VALUE=-
[ASSERT INFO] Register write requested for x0; write must be ignored
[ASSERT INFO] Register write requested for x0; write must be ignored
COMMIT PC=0x00000104 INSTR=0x00000013 RD=- VALUE=-
COMMIT PC=0x00000108 INSTR=0x00000013 RD=- VALUE=-
[ASSERT INFO] Register write requested for x0; write must be ignored
[ASSERT INFO] Register write requested for x0; write must be ignored
COMMIT PC=0x0000010c INSTR=0x00000013 RD=- VALUE=-
COMMIT PC=0x00000110 INSTR=0x00000013 RD=- VALUE=-
[ASSERT INFO] Register write requested for x0; write must be ignored
[ASSERT INFO] Register write requested for x0; write must be ignored
COMMIT PC=0x00000114 INSTR=0x00000013 RD=- VALUE=-
COMMIT PC=0x00000118 INSTR=0x00000013 RD=- VALUE=-
[ASSERT INFO] Register write requested for x0; write must be ignored
[ASSERT INFO] Register write requested for x0; write must be ignored
COMMIT PC=0x0000011c INSTR=0x00000013 RD=- VALUE=-
COMMIT PC=0x00000120 INSTR=0x00000013 RD=- VALUE=-
[ASSERT INFO] Register write requested for x0; write must be ignored
[ASSERT INFO] Register write requested for x0; write must be ignored
COMMIT PC=0x00000124 INSTR=0x00000013 RD=- VALUE=-
COMMIT PC=0x00000128 INSTR=0x00000013 RD=- VALUE=-
[ASSERT INFO] Register write requested for x0; write must be ignored
[ASSERT INFO] Register write requested for x0; write must be ignored
COMMIT PC=0x0000012c INSTR=0x00000013 RD=- VALUE=-
COMMIT PC=0x00000130 INSTR=0x00000013 RD=- VALUE=-
[ASSERT INFO] Register write requested for x0; write must be ignored
[ASSERT INFO] Register write requested for x0; write must be ignored
COMMIT PC=0x00000134 INSTR=0x00000013 RD=- VALUE=-
COMMIT PC=0x00000138 INSTR=0x00000013 RD=- VALUE=-
[ASSERT INFO] Register write requested for x0; write must be ignored
[ASSERT INFO] Register write requested for x0; write must be ignored
COMMIT PC=0x0000013c INSTR=0x00000013 RD=- VALUE=-
COMMIT PC=0x00000140 INSTR=0x00000013 RD=- VALUE=-
[ASSERT INFO] Register write requested for x0; write must be ignored
[ASSERT INFO] Register write requested for x0; write must be ignored
COMMIT PC=0x00000144 INSTR=0x00000013 RD=- VALUE=-
COMMIT PC=0x00000148 INSTR=0x00000013 RD=- VALUE=-
[ASSERT INFO] Register write requested for x0; write must be ignored
[ASSERT INFO] Register write requested for x0; write must be ignored
COMMIT PC=0x0000014c INSTR=0x00000013 RD=- VALUE=-
COMMIT PC=0x00000150 INSTR=0x00000013 RD=- VALUE=-
[ASSERT INFO] Register write requested for x0; write must be ignored
[ASSERT INFO] Register write requested for x0; write must be ignored
COMMIT PC=0x00000154 INSTR=0x00000013 RD=- VALUE=-
COMMIT PC=0x00000158 INSTR=0x00000013 RD=- VALUE=-
[ASSERT INFO] Register write requested for x0; write must be ignored
[ASSERT INFO] Register write requested for x0; write must be ignored
COMMIT PC=0x0000015c INSTR=0x00000013 RD=- VALUE=-
COMMIT PC=0x00000160 INSTR=0x00000013 RD=- VALUE=-
[ASSERT INFO] Register write requested for x0; write must be ignored
[ASSERT INFO] Register write requested for x0; write must be ignored
COMMIT PC=0x00000164 INSTR=0x00000013 RD=- VALUE=-
COMMIT PC=0x00000168 INSTR=0x00000013 RD=- VALUE=-
[ASSERT INFO] Register write requested for x0; write must be ignored
[ASSERT INFO] Register write requested for x0; write must be ignored
COMMIT PC=0x0000016c INSTR=0x00000013 RD=- VALUE=-
COMMIT PC=0x00000170 INSTR=0x00000013 RD=- VALUE=-
[ASSERT INFO] Register write requested for x0; write must be ignored
[ASSERT INFO] Register write requested for x0; write must be ignored
COMMIT PC=0x00000174 INSTR=0x00000013 RD=- VALUE=-
COMMIT PC=0x00000178 INSTR=0x00000013 RD=- VALUE=-
[ASSERT INFO] Register write requested for x0; write must be ignored
[ASSERT INFO] Register write requested for x0; write must be ignored
COMMIT PC=0x0000017c INSTR=0x00000013 RD=- VALUE=-

----------------------------------------
ARCHITECTURAL x0 CHECK
----------------------------------------
[PASS] x0 = 0 (0x00000000)

----------------------------------------
BEQ NOT-TAKEN TEST
----------------------------------------
[PASS] x1 = 10 (0x0000000a)
[PASS] x2 = 20 (0x00000014)
[PASS] x3 = 33 (0x00000021)
[PASS] x4 = 44 (0x0000002c)
[PASS] x5 = 55 (0x00000037)
[PASS] No redirect occurred

----------------------------------------
PIPELINE STATISTICS
----------------------------------------
Cycles            : 101
Load-use stalls   : 0
Control redirects : 0

==================================================
ALL TESTS PASSED
TEST_ID: 6
==================================================

tb/basic/top_tb.sv:844: $finish called at 1026000 (1ps)

==================================================
            ASSERTION SUMMARY
==================================================
Assertion failures : 0
ASSERTIONS PASSED
==================================================

